// Vitest Snapshot v1, https://vitest.dev/guide/snapshot.html

exports[`matches snapshot 1`] = `
<DocumentFragment>
  <form
    class="Signup-Form"
  >
    <h1
      class="Signup-h1"
    >
      Sign Up
    </h1>
    <div
      class="mb-3"
    >
      <label
        class="form-label"
        for="email"
      >
        <b>
          Email
        </b>
      </label>
      <input
        class="form-control"
        id="email"
        maxlength="60"
        minlength="6"
        name="email"
        placeholder="Enter email..."
        type="email"
        value=""
      />
    </div>
    <div
      class="mb-3"
    >
      <label
        class="form-label"
        for="password"
      >
        <b>
          Password
        </b>
      </label>
      <input
        class="form-control"
        id="password"
        minlength="8"
        name="password"
        placeholder="Enter password..."
        type="password"
        value=""
      />
    </div>
    <div
      class="mb-3"
    >
      <label
        class="form-label"
        for="name"
      >
        <b>
          Family Name
        </b>
      </label>
      <input
        class="form-control"
        id="name"
        maxlength="75"
        minlength="1"
        name="name"
        placeholder="Example: The Smith Family"
        type="text"
        value=""
      />
    </div>
    <button
      class="btn btn btn-secondary"
      type="submit"
    >
      Submit
    </button>
  </form>
</DocumentFragment>
`;
