// Vitest Snapshot v1, https://vitest.dev/guide/snapshot.html

exports[`App > matches snapshot 1`] = `
<DocumentFragment>
  <div
    class="App"
  >
    <div
      id="main-navbar"
    >
      <div>
        <nav
          class="navbar navbar-expand-md"
        >
          <div
            class="container-fluid"
          >
            <a
              aria-current="page"
              class="navbar-brand active"
              href="/"
            >
              fa
              <b
                class="mychart"
              >
                m
              </b>
              il
              <b
                class="mychart"
              >
                y
              </b>
               
              <b
                class="mychart"
              >
                chart
              </b>
            </a>
            <ul
              class="ml-auto navbar-nav"
            >
              <li
                class="nav-item"
              >
                <a
                  class=""
                  href="/login"
                >
                  Login
                </a>
                <a
                  class=""
                  href="/signup"
                >
                  Sign Up
                </a>
              </li>
            </ul>
          </div>
        </nav>
      </div>
    </div>
    <main
      id="App-main"
    >
      <div>
        <div
          id="FamilyChart-main"
        >
          <div
            id="FamilyChart-message"
          >
            <div
              class="Home-btns"
            >
              <div
                class="text-center card-title"
              >
                <h1
                  class="Home-title"
                >
                  Welcome to fa
                  <b
                    class="mychart"
                  >
                    m
                  </b>
                  il
                  <b
                    class="mychart"
                  >
                    y
                  </b>
                   
                  <b
                    class="mychart"
                  >
                    chart
                  </b>
                  !
                </h1>
              </div>
              <p
                class="Home-text card-text"
              >
                Keep track of your family's health, all in one, convenient place!
              </p>
              <a
                class=""
                href="/login"
              >
                <button
                  class="FamilyChart-btn btn btn-secondary"
                >
                  Login
                </button>
              </a>
              <a
                class=""
                href="/signup"
              >
                <button
                  class="FamilyChart-btn justify-content-center btn btn-secondary"
                >
                  Sign Up
                </button>
              </a>
            </div>
          </div>
        </div>
      </div>
    </main>
    <div
      id="footer"
    >
      <div>
        <a
          class="Footer-navlink"
          href="https://tammypainter.carrd.co/"
          id="Footer-linkedin"
        >
          <i
            class="fa-solid fa-user"
          />
        </a>
        <a
          class="Footer-navlink"
          href="https://www.linkedin.com/in/tammy-painter-73416b282/"
          id="Footer-linkedin"
        >
          <i
            class="fa-brands fa-linkedin"
          />
        </a>
        <a
          class="Footer-navlink"
          href="https://github.com/teeleefy"
          id="Footer-github"
        >
          <i
            class="fa-brands fa-github"
          />
        </a>
        <a
          class="Footer-navlink"
          href="mailto:tammypainter.codes@gmail.com"
          id="Footer-envelope"
        >
          <i
            class="fa-regular fa-envelope"
          />
        </a>
        <a
          aria-current="page"
          class="active"
          href="/"
          id="Footer-copyright"
        >
          Ⓒ 
          <span
            id="Footer-rights"
          >
             2024   family chart    All rights reserved
          </span>
        </a>
      </div>
    </div>
    <div
      class="Toastify"
    />
  </div>
</DocumentFragment>
`;
