// Vitest Snapshot v1, https://vitest.dev/guide/snapshot.html

exports[`MemberNavBar > matches snapshot 1`] = `
<DocumentFragment>
  <div>
    <nav
      class="navbar"
      id="MemberNavBar"
    >
      <div
        class="container-fluid"
      >
        <ul
          class="nav"
        >
          <li
            class="nav-item"
          >
            <a
              class="MemberNavBar-link"
              href="/member/2"
              id="MemberNavBar-name"
            >
              Sarah
            </a>
            <a
              class="MemberNavBar-link"
              href="/member/2/allergies"
            >
              allergies
            </a>
            <a
              class="MemberNavBar-link"
              href="/member/2/diagnoses"
            >
              diagnoses
            </a>
            <a
              class="MemberNavBar-link"
              href="/member/2/doctors"
            >
              doctors
            </a>
            <a
              class="MemberNavBar-link"
              href="/member/2/goals"
            >
              goals
            </a>
            <a
              class="MemberNavBar-link"
              href="/member/2/insurance"
            >
              insurance
            </a>
            <a
              class="MemberNavBar-link"
              href="/member/2/meds"
            >
              meds
            </a>
            <a
              class="MemberNavBar-link"
              href="/member/2/symptoms"
            >
              symptoms
            </a>
            <a
              class="MemberNavBar-link"
              href="/member/2/visits"
            >
              visits
            </a>
          </li>
        </ul>
      </div>
    </nav>
  </div>
</DocumentFragment>
`;
