// Vitest Snapshot v1, https://vitest.dev/guide/snapshot.html

exports[`DiagnosisNew > matches snapshot 1`] = `
<DocumentFragment>
  <form
    class="DiagnosisNew-Form m-4"
  >
    <h1
      class="Diagnosis-h1"
    >
      Add Diagnosis:
    </h1>
    <p
      class="text-secondary"
    >
      Fields marked with 
      <span
        class="text-danger"
      >
        *
      </span>
       are required.
    </p>
    <div
      class="mb-3"
    >
      <label
        class="Diagnosis-label form-label"
        for="name"
      >
        <b>
          Diagnosis Name
        </b>
        <span
          class="text-danger"
        >
          *
        </span>
      </label>
      <input
        class="form-control"
        id="name"
        maxlength="125"
        name="name"
        placeholder="Enter diagnosis name..."
        type="text"
        value=""
      />
    </div>
    <div
      class="Diagnosis-date-input mb-3"
    >
      <label
        class="Diagnosis-label form-label"
        for="dateReceived"
      >
        <b>
          Date Received
        </b>
      </label>
      <input
        class="form-control"
        id="dateReceived"
        max="2024-08-06"
        name="dateReceived"
        placeholder="Enter date received..."
        type="date"
        value=""
      />
    </div>
    <div
      class="mb-3"
    >
      <label
        class="Diagnosis-label form-label"
        for="notes"
      >
        <b>
          Notes
        </b>
      </label>
      <textarea
        class="form-control"
        id="notes"
        maxlength="250"
        name="notes"
        placeholder="Enter notes..."
      />
    </div>
    <p
      class="text-secondary"
    >
      0/250 Characters
    </p>
    <button
      class="btn-dark btn btn-secondary"
      type="button"
    >
      Add Diagnosis
    </button>
  </form>
</DocumentFragment>
`;
